// Jest Snapshot v1, https://goo.gl/fbAQLP

exports[`UglifyJsPlugin buildError method 1`] = `
[Error: test.js from UglifyJs
Message]
`;

exports[`UglifyJsPlugin buildError method 2`] = `
[Error: test.js from UglifyJs
Message [test.js:1,1]]
`;

exports[`UglifyJsPlugin buildError method 3`] = `
[Error: test.js from UglifyJs
Message [./one.js:1,1][test.js:1,1]]
`;

exports[`UglifyJsPlugin buildError method 4`] = `
[Error: test.js from UglifyJs
Stack]
`;

exports[`UglifyJsPlugin buildSourceMap method 1`] = `
SourceMapConsumer {
  "_absoluteSources": Array [
    "http://example.com/www/js/one.js",
    "http://example.com/www/js/two.js",
  ],
  "_mappings": "CAAC,IAAI,IAAM,SAAUA,GAClB,OAAOC,IAAID;CCDb,IAAI,IAAM,SAAUE,GAClB,OAAOA",
  "_names": ArraySet {
    "_array": Array [
      "bar",
      "baz",
      "n",
    ],
    "_set": Map {
      "bar" => 0,
      "baz" => 1,
      "n" => 2,
    },
  },
  "_sourceMapURL": undefined,
  "_sources": ArraySet {
    "_array": Array [
      "one.js",
      "two.js",
    ],
    "_set": Map {
      "one.js" => 0,
      "two.js" => 1,
    },
  },
  "file": "test.js",
  "sourceRoot": "http://example.com/www/js/",
  "sourcesContent": null,
}
`;

exports[`UglifyJsPlugin buildWarning method 1`] = `"UglifyJs Plugin: Warning[foo:1,1]"`;

exports[`UglifyJsPlugin buildWarning method 2`] = `"UglifyJs Plugin: Warning[foo:1,1]"`;

exports[`UglifyJsPlugin buildWarning method 3`] = `"UglifyJs Plugin: Warning[foo:1,1] in test.js"`;

exports[`UglifyJsPlugin buildWarning method 4`] = `"UglifyJs Plugin: Warning[foo:1,1] in test.js"`;

exports[`UglifyJsPlugin buildWarning method 5`] = `"UglifyJs Plugin: Warning[foo:1,1] in test.js"`;

exports[`UglifyJsPlugin buildWarning method 6`] = `null`;

exports[`UglifyJsPlugin buildWarning method 7`] = `"UglifyJs Plugin: Warning[./one.js:1,1] in test.js"`;

exports[`UglifyJsPlugin should works (without options): errors 1`] = `Array []`;

exports[`UglifyJsPlugin should works (without options): main.d6148510169c0239e313.js 1`] = `"!function(e){var t={};function n(r){if(t[r])return t[r].exports;var o=t[r]={i:r,l:!1,exports:{}};return e[r].call(o.exports,o,o.exports,n),o.l=!0,o.exports}n.m=e,n.c=t,n.d=function(e,t,r){n.o(e,t)||Object.defineProperty(e,t,{enumerable:!0,get:r})},n.r=function(e){\\"undefined\\"!=typeof Symbol&&Symbol.toStringTag&&Object.defineProperty(e,Symbol.toStringTag,{value:\\"Module\\"}),Object.defineProperty(e,\\"__esModule\\",{value:!0})},n.t=function(e,t){if(1&t&&(e=n(e)),8&t)return e;if(4&t&&\\"object\\"==typeof e&&e&&e.__esModule)return e;var r=Object.create(null);if(n.r(r),Object.defineProperty(r,\\"default\\",{enumerable:!0,value:e}),2&t&&\\"string\\"!=typeof e)for(var o in e)n.d(r,o,function(t){return e[t]}.bind(null,o));return r},n.n=function(e){var t=e&&e.__esModule?function(){return e.default}:function(){return e};return n.d(t,\\"a\\",t),t},n.o=function(e,t){return Object.prototype.hasOwnProperty.call(e,t)},n.p=\\"\\",n(n.s=0)}([function(e,t){e.exports=function(){console.log(7)}}]);"`;

exports[`UglifyJsPlugin should works (without options): warnings 1`] = `Array []`;
